ReXGlue v0.10.0 - Xbox 360 Recompilation Toolkit

  Manifest: reach_manifest.toml
  Project:  reach
  SDK:      0.10.0 (project last generated by 0.10.0)

Recompiling reach
Guest memory arena mapped: virtual base 0x0000000100000000, physical base 0x0000000200000000
default.xex
  Title ID: 4D53085B
  Media ID: 566C10D3
  Version:  0.0.0.1
  Filetime: 2010-07-24 09:12:06 UTC

  start  default.xex
  phase  default.xex: Register
  phase  default.xex: Scan
  phase  default.xex: Discover
  phase  default.xex: GapFill
  phase  default.xex: Merge
  phase  default.xex: Validate
  start  default.xex
  phase  default.xex: Write
bdzf at 820D8DC0 branches outside function to 820D8F9C
Unresolved b target 0x8213A0A0 from 0x8219E550
Unresolved function 0x8213A0A0 from 0x8219E550 (no CallTarget in FunctionNode)
bdz at 8244B2C8 branches outside function to 8244B364
bdz at 8244B2D0 branches outside function to 8244B364
bdz at 8244B2D4 branches outside function to 8244B364
bdzf at 82479A88 branches outside function to 82479CE8
bdzf at 825E08C0 branches outside function to 825E09CC
bdzf at 825E08C8 branches outside function to 825E09CC
bdzf at 82631854 branches outside function to 82631D14
bdzf at 82631858 branches outside function to 82631D14
bdzf at 8263185C branches outside function to 82631D14
Unresolved b target 0x8295DCE0 from 0x8295DC48
Unresolved function 0x8295DCE0 from 0x8295DC48 (no CallTarget in FunctionNode)
  done   default.xex (21.0s)
Codegen summary: 325 written, 0 unchanged, 0 deleted, 0 module(s) up to date
Done in 21.2s.

real	0m21.205s
user	0m22.296s
sys	0m0.571s
